src/components/AdminPanel.tsx(70,9): error TS6133: 'getBgStyle' is declared but its value is never read.
src/context/CustomerContext.tsx(1,8): error TS6133: 'React' is declared but its value is never read.
src/context/OrderContext.tsx(1,8): error TS6133: 'React' is declared but its value is never read.
